0 0 1 13 0 0 2 1 3 0 1 13 0 43 1 2 6 13 6 37 1 13 37 13 29 43 31 43 0 43 1 43 2 43 41 31 1 1 45 2 43 2 0 38 1 2 43 37 7 2 
