Case #1: 724863
Case #2: 745532
Case #3: 754460
Case #4: 610755
Case #5: 649227
Case #6: 504006
Case #7: 436442
Case #8: 645196
Case #9: 656655
Case #10: 666316
