Case #1: 14439569
Case #2: 13856020
Case #3: 13890493
Case #4: 12999309
Case #5: 14022855
Case #6: 13739178
Case #7: 13795625
Case #8: 13204247
Case #9: 13828999
Case #10: 13615308
