Case #1: 14163354
Case #2: 13470421
Case #3: 13507531
Case #4: 14133251
Case #5: 13872468
Case #6: 14124332
Case #7: 13309342
Case #8: 14438806
Case #9: 14227550
Case #10: 13980214
