Case #1: 14077501
Case #2: 14424453
Case #3: 13856790
Case #4: 14039524
Case #5: 14250311
Case #6: 14606344
Case #7: 15488077
Case #8: 14508842
Case #9: 15856336
Case #10: 15017392
