Case #1: 14861686
Case #2: 14200170
Case #3: 13820236
Case #4: 14107627
Case #5: 13967325
Case #6: 14329625
Case #7: 13943561
Case #8: 14171276
Case #9: 13985227
Case #10: 13505648
