Case #1: 13882672
Case #2: 14919133
Case #3: 14453348
Case #4: 13175943
Case #5: 14044652
Case #6: 13884875
Case #7: 13643250
Case #8: 14339600
Case #9: 14425560
Case #10: 14212901
