Case #1: 13798571
Case #2: 14490282
Case #3: 14492919
Case #4: 14031031
Case #5: 13802713
Case #6: 13890242
Case #7: 13837412
Case #8: 13615845
Case #9: 14206863
Case #10: 14236742
