Case #1: 13977180
Case #2: 15107231
Case #3: 13591279
Case #4: 13978408
Case #5: 14054474
Case #6: 14163246
Case #7: 13789315
Case #8: 13858581
Case #9: 13876128
Case #10: 14317653
