Case #1: 13591099
Case #2: 15227741
Case #3: 14563662
Case #4: 13161368
Case #5: 13351212
Case #6: 14879966
Case #7: 14571332
Case #8: 14341894
Case #9: 14249396
Case #10: 13710249
