Case #1: 14966258
Case #2: 13140125
Case #3: 15277967
Case #4: 14323712
Case #5: 14061072
Case #6: 13276324
Case #7: 13669601
Case #8: 14180816
Case #9: 13698575
Case #10: 14031886
