Case #1: 14012842
Case #2: 13928378
Case #3: 13685918
Case #4: 14259716
Case #5: 13757450
Case #6: 13688208
Case #7: 15081399
Case #8: 14306797
Case #9: 14023634
Case #10: 14399125
