Case #1: 721266
Case #2: 548061
Case #3: 802580
Case #4: 402545
Case #5: 679573
Case #6: 592515
Case #7: 767278
Case #8: 739702
Case #9: 559942
Case #10: 833860
