Case #1: 14244279
Case #2: 15374160
Case #3: 15681045
Case #4: 14027966
Case #5: 14221898
Case #6: 14379820
Case #7: 14126832
Case #8: 13800118
Case #9: 14181221
Case #10: 14443879
