Case #1: 770781
Case #2: 621332
Case #3: 590530
Case #4: 852670
Case #5: 717029
Case #6: 647238
Case #7: 622742
Case #8: 816120
Case #9: 567255
Case #10: 529472
