Case #1: 640404
Case #2: 499202
Case #3: 515516
Case #4: 893583
Case #5: 775103
Case #6: 824120
Case #7: 729927
Case #8: 699435
Case #9: 768356
Case #10: 435543
