Case #1: 14919970
Case #2: 8376820
Case #3: 6333119
Case #4: 21809324
Case #5: 4916838
Case #6: 7901780
Case #7: 18085369
Case #8: 10784170
Case #9: 17724417
Case #10: 16505076
