Case #1: 13237214
Case #2: 7788886
Case #3: 19940611
Case #4: 10827521
Case #5: 13094981
Case #6: 8114756
Case #7: 5439575
Case #8: 10229591
Case #9: 10523206
Case #10: 13187107
