Case #1: 22843494
Case #2: 11091383
Case #3: 14889669
Case #4: 21782805
Case #5: 14287578
Case #6: 18403287
Case #7: 22387209
Case #8: 13359101
Case #9: 5896667
Case #10: 9578935
