Case #1: 12410466
Case #2: 20893635
Case #3: 13415831
Case #4: 13308248
Case #5: 12243712
Case #6: 19793982
Case #7: 20661428
Case #8: 21835403
Case #9: 8968396
Case #10: 20230883
