Case #1: 13686969
Case #2: 13923824
Case #3: 13665332
Case #4: 14089166
Case #5: 13722494
Case #6: 13961838
Case #7: 14395016
Case #8: 13940896
Case #9: 13952449
Case #10: 15122455
